$ Shell command: expr
@ expr

code {
$ expr 4 + 3
7

$ expr 4.1 + 3.2
expr: non-integer argument
code }

Beware of the expansion of the `*`:
code {
$ expr 3 * 8
expr: syntax error: unexpected argument FILENAME

$ expr '3 * 8'
3 * 8

$ expr 3 '*' 8
24
code }

code {
$ expr 12 / 3
4

$ expr 13 / 3
4

$ expr 12/3
12/3
code }

sa:

 Using `expr` and `→ Linux/shell/commands/date` to → Linux/shell/commands/date/elapsed-time[calculate elapsed time].
  
`→ Linux/shell/commands/test`

 → Linux/shell/commands[Shell commands] (such as `→ Linux/shell/commands/bc`) and the → Linux/shell/bash/built-in[bash built-in] `→ Linux/shell/bash/built-in/let`.

links:
  
   → https://github.com/ReneNyffenegger/shell-commands/tree/master/expr[expr on github]
