$ /proc/sys/fs/binfmt_misc/WSLInterop

On → Windows/Subsystem-for-Linux[Windows Subsystem for Linux]:
code {
$ cat /proc/sys/fs/binfmt_misc/WSLInterop
enabled
interpreter /tools/init
flags: F
offset 0
magic 4d5a
code }

`0x4d5a` is `MZ`

{ Enabling/disabling WSL interoperability


  → Windows/Subsystem-for-Linux#wsl-interoperability[WSL Interoperability] can allegedly be enabled or disabled by writing a `1` or `0` to the file. However, when I tried that,
  I got a *bash: /proc/sys/fs/binfmt_misc/WSLInterop: Permission denied* error message.
code {
$ echo 0 > /proc/sys/fs/binfmt_misc/WSLInterop
-bash: /proc/sys/fs/binfmt_misc/WSLInterop: Permission denied
$ sudo echo 1 > /proc/sys/fs/binfmt_misc/WSLInterop
-bash: /proc/sys/fs/binfmt_misc/WSLInterop: Permission denied
code }

rem {
$ sudo → Linux/fhs/mnt[/mnt]/c/Windows/→ Windows/dirs/Windows/explorer_exe
rem }

}
