
`jq` is like `→ development/languages/sed` for → development/languages/JavaScript/JSON data.


{ Installation
 
  { apt based systems

code {
→ Linux/shell/commands/sudo apt install jq -y
code }

  }
  { Windows

code {
→ Windows/dirs/Users/username/AppData/Local/Microsoft/WindowsApps/winget_exe[winget] install jqlang.jq
code }

    After installing `jq` with winget and opening a new PowerShell session, I found the executable under
code {
PS C:\> → Windows/dirs/Windows/System32/where_exe jq
→ Windows/dirs/Users/username/AppData/Local/Microsoft/WinGet/Packages[C:\Users\rene\AppData\Local\Microsoft\WinGet\Packages]\jqlang.jq_Microsoft.Winget.Source_8wekyb3d8bbwe\jq.exe
code }

  }

}
{ Usage

code {
jq [options…] filter [files…]
code }

 `filter` is a program, written in the `jq` language, that specifies how the input data (JSON format) is transformed for the output.

  By default, `jq` will pretty-print its output (but see `-c` command line option).

  The following jq filter (`.num`) returns the value of the `num` element of the JSON object passed to `jq` (i. e. `42`):
code {
echo '{
  "num":  42,
  "txt": "Hello world"
}' | jq .num
code }

}
{ Filters

  A filter takes input and produces output. Some filters even produce multiple outputs.

  Literals (Such as `"Hello world"` or `42`) are filters: these disregard their input and produce their own value as output.
 
  The output of a filter can be piped into another filter or collected into an array.

  table { ll

    `→ development/languages/JavaScript/JSON/tools/jq/filters/dot` ☰ Identity (output is equal to input) (for example `echo 11 | jq '(. + 10) * 2'` produces `42`.
    `..` ☰ Recursive descent (similar to XPath `//` operator)
    `.keyName`, `.["keyName"]` ☰ Value JSON object's element whose name is `keyName`. If followed by question mark (`.keyName?`, `.["keyName"]?`), then value evaluates to `null` if `keyName` does not exist (rather than outputting an error)
    `.[n]` ☰ nth element of array. `n` can be negative to count from the other end (`.[-1]` is last element)
    `.[n:m]` ☰ Slice. Can be applied on array or string.
     `→ development/languages/JavaScript/JSON/tools/jq/filters/dot-square-bracket` ☰ All elements (`.[]?` prevents errors)
    `… , …` ☰ Comma operator: input is fed to the filter on the left and on the right, output values are concatenated.
    `… | …` ☰ Pipe operator (similar to the pipe of shells)
    `[ elem1, elem2, … ]` ☰ Array construction
    `{ key: val … }` ☰ Object construction

  table }

}
{ Operators and functions

  table { ll

    `+`, `-` ☰
    `*` ☰
    `/` ☰
    `%` ☰
    `→ development/languages/JavaScript/JSON/tools/jq/functions/length` ☰ Returns the number of → development/Unicode/Codepoints[Unicode codepoints] of a → development/languages/JavaScript/JSON#json-string[string], the number of elements in an → development/languages/JavaScript/JSON#json-array[array] or the number of key/value pairs in an → development/languages/JavaScript/JSON#json-object[object]. `length(null)` returns 0.
    `utf8bytelength` ☰
    `→ development/languages/JavaScript/JSON/tools/jq/functions/keys`, `keys_unsorted` ☰ Returns the keys of an object in an array
    `has(key)` ☰
    `in` ☰
    `map(x)`, `map_values(x)` ☰
    `path(expr)` ☰
    `→ development/languages/JavaScript/JSON/tools/jq/functions/del(path_expression)` ☰ `→ development/languages/JavaScript/JSON/tools/jq/functions/del` removes a key and its associated value from a → development/languages/JavaScript/JSON#json-object[JSON object].
    `getpath(PATHS)`, `setpath(PATHS; VALUE)`, `delpaths(PATHS)` ☰
    `→ development/languages/JavaScript/JSON/tools/jq/functions/to_entries`, `to_entries[]`, `from_entries`, `with_entries` ☰
    `select(boolean_expression)` ☰
    `arrays, objects, iterables, booleans, numbers, normals, finites, strings, nulls, values, scalars` ☰
    `empty` ☰
    `error(message)` ☰
    `halt`, `halt_error, halt_error(exit_code)` ☰
    `$__loc__` ☰
    `paths, paths(node_filter), leaf_paths` ☰
    `add` ☰
    `any, any(condition), any(generator; condition)` ☰
    `all, all(condition), all(generator; condition)` ☰
    `flatten, flatten(depth)` ☰
    `→ development/languages/JavaScript/JSON/tools/jq/operators-functions/range[range](upto), range(from;upto) range(from;upto;by)` ☰
    `floor` ☰
    `sqrt` ☰
    → development/languages/JavaScript/JSON/tools/jq/operators-functions/to#jq-tonumber[`tonumber`], `tostring` ☰
    `type` ☰
    `infinite, nan, isinfinite, isnan, isfinite, isnormal` ☰
    `sort, sort_by(path_expression)` ☰
    `group_by(path_expression)` ☰
    `min, max, min_by(path_exp), max_by(path_exp)` ☰
    `unique, unique_by(path_exp)` ☰
    `reverse` ☰
    `contains(element)` ☰
    `indices(s)` ☰
    `index(s), rindex(s)` ☰
    `inside` ☰
    `startswith(str)`, `endswith(str)` ☰
    `combinations`, `combinations(n)` ☰
    `ltrimstr(str)`, `rtrimstr(str)` ☰
    `explode` ☰
    `implode` ☰
    `split(str)` ☰
    `join(str)` ☰
    `ascii_downcase, ascii_upcase` ☰
    `while(cond; update)` ☰
    `until(cond; next)` ☰
    `recurse(f), recurse, recurse(f; condition), recurse_down` ☰
    `walk(f)` ☰
    `transpose` ☰
    `bsearch(x)` ☰
    `tojson, fromjson` ☰
    `builtins` ☰ Returns a list of all built in functions in the format `name/arity`
    `repeat` ☰

  table }

  { Date functions

    table { ll

      `fromdateiso8601` ☰ Parses dates in ISO 8601 format, returns number of seconds since the → development/date-time/Unix-time[Unix epoch]
      `todateiso8601` ☰ Reverse of `fromdateiso8601`
      `fromdate` ☰
      `todate` ☰ An alias for `todateiso8601`
      `now` ☰ Current time in seconds since → development/date-time/Unix-time[Unix epoch]

    table }

    Pipe empty JSON object to `jq` (because `jq` expects a JSON object) and evaluate `now`:
code {
$ echo '{}' | jq 'now'
1679756466.497302
code }

    Pipe the evaluated number of seconds to `todateiso8601` so that we get an ISO 8601 formatted string:
code {
$ echo '{}' | jq 'now | todateiso8601'
1679756466.497302
"2023-03-25T15:01:06Z"
code }

    Get the number of seconds from an ISO 8601 formatted string:
code {
$ echo '"2022-02-18T14:57:13Z"' | jq 'fromdateiso8601'
1645196233
code }

    There are also interfaces to the C-library time functions:
      • `strptime`
      • `strftime`
      • `strflocaltime`
      • `mktime`
      • `gmtime`
      • `localtime`

  }

  { SQL style operators

    table { ll
       `INDEX(stream; index_expression)` ☰
       `JOIN($idx; stream; idx_expr; join_expr)` ☰
       `JOIN($idx; stream; idx_expr)` ☰
       `JOIN($idx; idx_expr:` ☰
       `IN(s)` ☰
       `IN(source; s)` ☰
    table }

  }
}
{ Variables

  Variables start with a dollar sign (`$thisIsAVariable`)

}
{ Modules

 `jq` allows to create libraries/modules in `.jq` files.

}
{ @ syntax

  The `@` syntax formats and escapes strings.
    • `@text`
    • `@json`
    • `@html`
    • `@uri`
    • `→ development/languages/JavaScript/JSON/tools/jq/at/csv`
    • `@tsv`
    • `@sh`
    • `@base64`
    • `@base64d`

}
{ Command line options #jq-options

  table { lll


    ☰ `--version` ☰ 
    ☰ `--seq` ☰ Use the `application/json-seq` MIME type scheme for separating JSON texts in input and output: print an ASCII RS (record separator) character before each value on output and an ASCII LF (line feed) after every output.
    ☰ `--stream` ☰ Outputarrays of path and leaf values (scalars and empty arrays or empty objects), useful for processing large inptus in conjunction with filtering (`"a"` becomes `[[],"a"]` ; `[[],"a",["b"]]` becomes `[[0],[]]`, `[[1],"a"]` and `[[1,0],"b"]`)
    `-s` ☰ `--slurp`  ☰ Read entire input string into a large array, then run filter once (Instead of running the filter for each JSON object in the input).
    `-R` ☰ `--raw-input`  ☰ Input is not treated as JSON; each line is passed to the filter as a string. Combine with `--slurp` to process entire input as *one* string. 
    → development/languages/JavaScript/JSON/tools/jq/options/n-null-input[`-n`] ☰ `--null-input`  ☰ Run filter once with `null` as input (for example to construct JSON data from scratch)
    `-c`☰ `--compact-output` ☰ Do not pretty-print output.
    ☰ `--tab` ☰ Use tab rather than two spaces for indentation 
    ☰ `--indent n` ☰ Use the given number of spaces for indentation.
    `-C` ☰ `--color-output` ☰ See also `JQ_COLORS` environment variable
    `-M` ☰ `--monochrome-output` ☰
    `-a` ☰ `--ascii-output`  ☰
    ☰ `--unbuffered` ☰ Flush the output after each JSON object is printed 
    `-S` ☰ `--sort-keys`  ☰ Output object fields in sorted order
    → development/languages/JavaScript/JSON/tools/jq/options/r-raw-output[`-r`] ☰ `--raw-output` ☰ Strings won't be quoted
    `-j` ☰ `--join-output`  ☰ Like `-r` but `jq` won`t print a → development/line-break[newline] after an output.
   `-f filename` ☰ `--from-file filename` ☰ Read filter from `filename` (like → development/languages/awk[awk's] `-f` option). Apparently, such files allow `#` for comments
   `-Ldirectory` ☰  ☰ Prepend `directory` to the search list for modules. If this option is used then no builtin search list is used.
    `-e` ☰ `-exit-status` ☰
    ☰ `→ development/languages/JavaScript/JSON/tools/jq/options/arg name value` ☰ Pass a value to the jq program as a predefined variable (`$name` then has the value `value`)
    ☰ `--argjson name JSON-text` ☰
    ☰ `--slurpfile variable-name filename` ☰ Assigns to content of a JSON document to a variable.
    ☰ `--rawfile variable-name filename` ☰ Assign content of `filename` to `variable-name`.
    ☰ `--argfile variable-name filename` ☰ Use `--slurpfile` instead.
    ☰ `--args` ☰ Remaining arguments are positional string arguments. These are available to the jq program as `$ARGS.positional[]`.
    ☰ `--jsonargs` ☰ Remaining arguments are positional JSON text arguments. These are available to the jq program as `$ARGS.positional[]`.
    ☰ `--run-tests [filename]` ☰

  table }

}
{ TODO

code {
$ json='[ {"id": 7, "name": "ABC"}, {"id": 22, "name": "XYZ"}]'
$ echo "$json" | jq -r '.[] | select(.name == "XYZ") | "id = \(.id), name = \(.name)"'
id = 22, name = XYZ

$ read -r id name < <(echo "$json" | jq -r '.[] | select(.name == "XYZ") | "\(.id) \(.name)"' )
$ echo $id
22
$ echo $name
XYZ
code }

  { Get value of a JSON object whose key contains of spaces or special characters

    Wrong:
code {
$ echo '{"abc def": 42, "ghi/jkl": 99}' | jq ."abc def"
jq: error: syntax error, unexpected def, expecting $end (Unix shell quoting issues?) at <top-level>, line 1:
code }

    Better (note the single quotes):
code {
$ echo '{"abc def": 42, "ghi/jkl": 99}' | jq '."abc def"'
42
code }

  }

}

sa:
  → https://github.com/mikefarah/yq[yq] has the same idea, but is for YAML.

  → https://github.com/wader/fq[`fq`] is inspired by `jq`, but works with → development/Data/binary formats.

  If `→ Linux/fhs/home/username/_jq` is a file, it is sourced into the main program

  → development/languages/JavaScript/JSON/querying/JMESPath is another query language for JSON.

  → development/Data/analysis#data-analysis-tools[Tools] for → development/Data/analysis[data analysis].

  I once found `jq` installed in `→ Windows/dirs/Users/username/AppData/Local/Microsoft/WinGet/Packages[C:\Users\rene\AppData\Local\Microsoft\WinGet\Packages]\jqlang.jq_Microsoft.Winget.Source_8wekyb3d8bbwe\jq.exe` and in → Windows/optional-features/Windows-Sandbox under
 `C:\Users\WDAGUtilityAccount\AppData\Local\Microsoft\WinGet\Links\jq.exe` (In the sandbox after installing it with `→ Windows/dirs/Users/username/AppData/Local/Microsoft/WindowsApps/winget_exe[winget] install --id jqlang.jq`)

links:
  → https://stedolan.github.io/jq/

