$ Vim: E197: Cannot set language to "en_US.UTF-8"

The following command caused the error message *E197: Cannot set language to "en_US.UTF-8"*
code {
:language message en_US.UTF-8
code }

In the shell (running in Debian), `→ Linux/shell/commands/locale -a` doesn't report the locale `en_US.UTF-8`:
code {
$ locale -a
C
C.UTF-8
POSIX
code }

Uncomment `en_US.UTF-8` in `→ Linux/fhs/etc/locale_gen`:
code {
$ sudo sed -i '/en_US.UTF-8/s/^# //g' /etc/locale.gen
code }

Then:
code {
$ sudo → Linux/shell/commands/locale-gen
…
$ locale-a
rene@tq84-vm:~$ locale -a
C
C.UTF-8
POSIX
en_US.utf8
code }

