$ SQLcl: ALIAS
@ alias

code {
SQL> alias select count(*) from dba_objects where
SQL> alias obj_count = select count(*) obj_cnt from dba_objects where lower(owner) = :owner;
SQL> obj_count
Error: Alias with binds: not enough binds supplied at run time.
SQL> obj_count user

   OBJ_CNT
__________
         0

SQL> obj_count rene

   OBJ_CNT
__________
         7

SQL> obj_count system

   OBJ_CNT
__________
       481
code }

sa:
  â†’ development/databases/Oracle/SQLcl/commands
