$ add-apt-repository

Adds or removes a → Linux/APT#apt-repositores[repository] from → Linux/fhs/etc/apt/sources_list or `/etc/apt/sources.list.d`.

{ add-apt-repository: command not found

   Error message thrown:
code {
$ sudo add-apt-repository ppa:git-core/ppa -y
sudo: add-apt-repository: command not found
code }

   Try to fix it:
code {
$ sudo apt install software-properties-common
code }

   C'mon…
code {
$ sudo add-apt-repository ppa:git-core/ppa -y
  …
FileNotFoundError: [Errno 2] No such file or directory: 'gpg': 'gpg'
code }

   Try again
code {
$ sudo apt-get install gpg
code }

  Finally:
code {
$ sudo add-apt-repository ppa:git-core/ppa -y
code }

}
